// Jest Snapshot v1, https://goo.gl/fbAQLP

exports[`Copyright renders correctly 1`] = `
<div>
  2022 Â· Gravito
</div>
`;
