// Jest Snapshot v1, https://goo.gl/fbAQLP

exports[`Author renders correctly 1`] = `
<div>
  <a
    href="/"
  />
  <div>
    <h2>
      <a
        href="/"
      >
        contoso
      </a>
    </h2>
  </div>
  <p>
    contoso website
  </p>
</div>
`;
